// Jest Snapshot v1, https://goo.gl/fbAQLP

exports[`AccessModal should match the snapshot 1`] = `
<Fragment>
  <Link
    to="/"
  >
    <div
      className="modal-backdrop-white"
    >
      <div
        className="modal-backdrop"
      />
    </div>
  </Link>
  <div
    className="modal-container"
  >
    <ul
      className="modal-tabs"
    >
      <NavLink
        className="form-navlink"
        to="/login"
      >
        <li
          className="login_tab"
        >
          Log in
        </li>
      </NavLink>
      <NavLink
        className="form-navlink"
        to="/signup"
      >
        <li
          className="login_tab"
        >
          Sign up
        </li>
      </NavLink>
    </ul>
    <Route
      exact={true}
      path="/login"
      render={[Function]}
    />
    <Route
      exact={true}
      path="/signup"
      render={[Function]}
    />
  </div>
</Fragment>
`;
