// Jest Snapshot v1, https://goo.gl/fbAQLP

exports[`Nav should match the snapshot 1`] = `
<div
  className="Nav__container"
  style={
    Object {
      "backgroundImage": "linear-gradient(to top, #00000000, #00000000, rgb(31, 31, 31)), url(undefined)",
    }
  }
>
  <header
    className="Nav"
  >
    <h1>
      The Screening Room
    </h1>
    <div
      className="Nav__ul"
    >
      <NavLink
        activeClassName="nav-active"
        className="Nav__button link-wrapper dropdown"
        exact={true}
        to="/"
      >
        <button>
          <select
            onChange={[Function]}
          >
            <option
              value="playing-now"
            >
              Playing Now
            </option>
            <option
              value="top-rated"
            >
              Top Rated
            </option>
            <option
              value="trending-tv-today"
            >
              Trending TV Shows Today
            </option>
            <option
              value="trending-tv-week"
            >
              Trending TV Shows This Week
            </option>
            <option
              value="trending-movie-today"
            >
              Trending Movies Today
            </option>
            <option
              value="trending-movie-week"
            >
              Trending Movies This Week
            </option>
          </select>
        </button>
      </NavLink>
      <NavLink
        activeClassName="nav-active"
        className="Nav__button link-wrapper"
        exact={true}
        to="/search"
      >
        <button
          className="link hover-home"
        >
          Search
        </button>
      </NavLink>
      <NavLink
        activeClassName="nav-active"
        className="Nav__button link-wrapper"
        to="/favorites"
      >
        <button
          className="link hover-home"
        >
          My List
          <p
            className="favorite-counter"
          >
            3
          </p>
        </button>
      </NavLink>
      <NavLink
        activeClassName="nav-active"
        className="Nav__button link-wrapper"
        to="/login"
      >
        <button
          className="NavLink__button--logout"
          onClick={[Function]}
        >
          <span
            className="logout-button"
          >
            Logout
          </span>
        </button>
      </NavLink>
    </div>
    <div
      className="welcome-banner"
    >
      <div
        className="banner-peak"
      />
      <p>
        <span>
          Welcome,
        </span>
         
        Vanessa
        <span>
          !
        </span>
      </p>
    </div>
  </header>
</div>
`;
