// Jest Snapshot v1, https://goo.gl/fbAQLP

exports[`App should match the snapshot 1`] = `
<main
  className="main"
>
  <Connect(Nav)
    logoutCurrentUser={[Function]}
  />
  <Route
    path="/(movies|favorites|search)/:id"
    render={[Function]}
  />
  <Route
    path="/(|movies|signup|login)"
    render={[Function]}
  />
  <Route
    path="/(login|signup)"
    render={[Function]}
  />
  <Route
    path="/favorites"
    render={[Function]}
  />
  <Route
    path="/search"
    render={[Function]}
  />
  <Footer />
</main>
`;
