// Jest Snapshot v1, https://goo.gl/fbAQLP

exports[`MovieCard should match the snapshot 1`] = `
<div
  className="MovieCard__div--container"
>
  <Link
    to="movies/475557"
  >
    <img
      alt="Official movie poster"
      className="MovieCard__img--poster"
      src="https://image.tmdb.org/t/p/original/udDclJoHjfjb8Ekgsd4FDteOkCU.jpg"
    />
  </Link>
  <footer
    className="MovieCard__footer"
  >
    <h3
      className="MovieCard__h3--title"
    >
      Joker
    </h3>
    <div
      className="button-container"
      onClick={[Function]}
    >
      <div
        className="stick-1"
      />
      <div
        className="stick-2"
      />
    </div>
  </footer>
</div>
`;
